$ ls -> verifica arquivo do projeto
exemplo de saída: 
mvnw*  mvnw.cmd  pom.xml  src/  target/

$ git init -> inicializa o GitHub
exemplo de saída: 
Initialized empty Git repository in C:/..../workspace/Pasta do Projeto/.git/

$ git remote add origin https://github.com/profile/Projeto.git -> vincula projeto ao GitHub 

$ git pull origin master -> importa arquivos do Github para o projeto
exemplo de saída:
remote: Counting objects: 6, done.
remote: Compressing objects: 100% (5/5), done.
remote: Total 6 (delta 0), reused 0 (delta 0), pack-reused 0
Unpacking objects: 100% (6/6), done.
From https://github.com/profile/Projeto
 * branch            master     -> FETCH_HEAD
 * [new branch]      master     -> origin/master

$ git status -> verifica status (indica se existe arquivos para sincronização)
exemplo de saída:
On branch master
Untracked files:
  (use "git add <file>..." to include in what will be committed)

        .gitignore
        .mvn/
        mvnw
        mvnw.cmd
        pom.xml
        src/

nothing added to commit but untracked files present (use "git add" to track)

$ git add . -> adiciona arquivos não sincronizados
exemplo de saída: 
warning: LF will be replaced by CRLF in .gitignore.
The file will have its original line endings in your working directory.
warning: LF will be replaced by CRLF in .mvn/wrapper/maven-wrapper.properties.
The file will have its original line endings in your working directory.
warning: LF will be replaced by CRLF in mvnw.
The file will have its original line endings in your working directory.
warning: LF will be replaced by CRLF in mvnw.cmd.
The file will have its original line endings in your working directory.
warning: LF will be replaced by CRLF in pom.xml.
The file will have its original line endings in your working directory.
warning: LF will be replaced by CRLF in src/main/java/.../Projeto/NomeProjetoApplication.java.
The file will have its original line endings in your working directory.
warning: LF will be replaced by CRLF in src/main/java/.../Projeto/ServletInitializer.java.
The file will have its original line endings in your working directory.
warning: LF will be replaced by CRLF in src/main/java/.../Projeto/NomeProjetoApplicationTests.java.
The file will have its original line endings in your working directory.
